// Jest Snapshot v1, https://goo.gl/fbAQLP

exports[`Footer component render 1`] = `
<DocumentFragment>
  <div
    class="todo-card"
    role="listitem"
  >
    <div>
      <span
        data-action="edit"
        role="button"
        tabindex="0"
      >
        Edit
      </span>
      <span
        class="created"
      >
        N/A
      </span>
      <span
        class="right close"
        role="button"
        tabindex="0"
      >
        <span>
          x
        </span>
      </span>
    </div>
    <div
      class="title"
    >
      <h3>
        test
      </h3>
    </div>
    <div
      class="description"
    >
      <p>
        description
      </p>
    </div>
    <div
      class="status"
    >
      in-progress
    </div>
    <div
      class="updated"
    >
      N/A
    </div>
  </div>
</DocumentFragment>
`;
